[www.enableds.com/products/payapp/v13/index-waves.html]
[backblue.gif]
[fade.gif]
[index.html]
[www.enableds.com/products/payapp/v13/styles/bootstrap.css]
[www.enableds.com/products/payapp/v13/fonts/bootstrap-icons.css]
[www.enableds.com/products/payapp/v13/_manifest.json]
[www.enableds.com/products/payapp/v13/app/icons/icon-192x192.png]
[www.enableds.com/products/payapp/v13/page-wallet.html]
[www.enableds.com/products/payapp/v13/page-activity.html]
[www.enableds.com/products/payapp/v13/page-payments.html]
[www.enableds.com/products/payapp/v13/images/pictures/25s.jpg]
[www.enableds.com/products/payapp/v13/page-profile.html]
[www.enableds.com/products/payapp/v13/page-signin-1.html]
[www.enableds.com/products/payapp/v13/page-payment-bill.html]
[www.enableds.com/products/payapp/v13/page-payment-transfer.html]
[www.enableds.com/products/payapp/v13/app/icons/icon-128x128.png]
[www.enableds.com/products/payapp/v13/scripts/bootstrap.min.js]
[www.enableds.com/products/payapp/v13/index-waves.html]
[www.enableds.com/products/payapp/v13/scripts/custom.js]
[www.enableds.com/products/payapp/v13/images/pictures/1.jpg]
[www.enableds.com/products/payapp/v13/images/pictures/2.jpg]
[www.enableds.com/products/payapp/v13/images/pictures/3.jpg]
[www.enableds.com/products/payapp/v13/images/pictures/4.jpg]
[www.enableds.com/products/payapp/v13/images/pictures/5.jpg]
[www.enableds.com/products/payapp/v13/images/pictures/6.jpg]
[www.enableds.com/products/payapp/v13/images/pictures/7.jpg]
[www.enableds.com/products/payapp/v13/images/pictures/8.jpg]
[www.enableds.com/products/payapp/v13/images/pictures/9.jpg]
[www.enableds.com/products/payapp/v13/images/pictures/10.jpg]
[www.enableds.com/products/payapp/v13/images/pictures/11.jpg]
[www.enableds.com/products/payapp/v13/images/pictures/12.jpg]
[www.enableds.com/products/payapp/v13/images/pictures/13.jpg]
[www.enableds.com/products/payapp/v13/images/pictures/14.jpg]
[www.enableds.com/products/payapp/v13/images/pictures/15.jpg]
[www.enableds.com/products/payapp/v13/images/pictures/16.jpg]
[www.enableds.com/products/payapp/v13/images/pictures/17.jpg]
[www.enableds.com/products/payapp/v13/images/pictures/18.jpg]
[www.enableds.com/products/payapp/v13/images/pictures/19.jpg]
[www.enableds.com/products/payapp/v13/images/pictures/20.jpg]
[www.enableds.com/products/payapp/v13/images/pictures/21.jpg]
[www.enableds.com/products/payapp/v13/images/pictures/22.jpg]
[www.enableds.com/products/payapp/v13/images/pictures/23.jpg]
[www.enableds.com/products/payapp/v13/images/pictures/24.jpg]
[www.enableds.com/products/payapp/v13/images/pictures/25.jpg]
[www.enableds.com/products/payapp/v13/images/pictures/26.jpg]
[www.enableds.com/products/payapp/v13/images/pictures/27.jpg]
[www.enableds.com/products/payapp/v13/images/pictures/28.jpg]
[www.enableds.com/products/payapp/v13/images/pictures/29.jpg]
[www.enableds.com/products/payapp/v13/images/pictures/30.jpg]
[www.enableds.com/products/payapp/v13/styles/bootstrap.css]
[www.enableds.com/products/payapp/v13/fonts/bootstrap-icons63f3.woff2]
[www.enableds.com/products/payapp/v13/fonts/bootstrap-icons.css]
[www.enableds.com/products/payapp/v13/fonts/bootstrap-icons63f3.woff]
[www.enableds.com/products/payapp/v13/images/pictures/31s.jpg]
[www.enableds.com/products/payapp/v13/page-wallet.html]
[www.enableds.com/products/payapp/v13/page-reports.html]
[www.enableds.com/products/payapp/v13/images/pictures/6s.jpg]
[www.enableds.com/products/payapp/v13/images/pictures/21s.jpg]
[www.enableds.com/products/payapp/v13/page-activity.html]
[www.enableds.com/products/payapp/v13/page-payment-exchange.html]
[www.enableds.com/products/payapp/v13/page-payment-request.html]
[www.enableds.com/products/payapp/v13/page-payments.html]
[www.enableds.com/products/payapp/v13/page-payment-search.html]
[www.enableds.com/products/payapp/v13/images/pictures/31t.jpg]
[www.enableds.com/products/payapp/v13/page-profile.html]
[www.enableds.com/products/payapp/v13/index.html]
[www.enableds.com/products/payapp/v13/page-forgot-1.html]
[www.enableds.com/products/payapp/v13/page-signin-1.html]
[www.enableds.com/products/payapp/v13/page-payment-bill.html]
[www.enableds.com/products/payapp/v13/page-signup-1.html]
[www.enableds.com/products/payapp/v13/images/pictures/20s.jpg]
[www.enableds.com/products/payapp/v13/images/pictures/1s.jpg]
[www.enableds.com/products/payapp/v13/images/pictures/8s.jpg]
[www.enableds.com/products/payapp/v13/images/pictures/16s.jpg]
[www.enableds.com/products/payapp/v13/images/pictures/5s.jpg]
[www.enableds.com/products/payapp/v13/page-payment-transfer.html]
[www.enableds.com/products/payapp/v13/images/pictures/30.html]
[www.enableds.com/products/payapp/v13/page-reports.html]
[www.enableds.com/products/payapp/v13/page-payment-exchange.html]
[www.enableds.com/products/payapp/v13/page-payment-request.html]
[www.enableds.com/products/payapp/v13/images/pictures/2s.jpg]
[www.enableds.com/products/payapp/v13/page-payment-search.html]
[www.enableds.com/products/payapp/v13/index.html]
[www.enableds.com/products/payapp/v13/page-forgot-1.html]
[www.enableds.com/products/payapp/v13/page-signup-1.html]
